[0.080s] DEBUG:colcon:Command line arguments: ['/usr/bin/colcon', 'build', '--symlink-install', '--packages-select', 'haptic_band_ros']
[0.080s] DEBUG:colcon:Parsed command line arguments: Namespace(log_base=None, log_level=None, verb_name='build', build_base='build', install_base='install', merge_install=False, symlink_install=True, test_result_base=None, continue_on_error=False, executor='parallel', parallel_workers=12, event_handlers=None, ignore_user_meta=False, metas=['./colcon.meta'], base_paths=['.'], packages_ignore=None, packages_ignore_regex=None, paths=None, packages_up_to=None, packages_up_to_regex=None, packages_above=None, packages_above_and_dependencies=None, packages_above_depth=None, packages_select_by_dep=None, packages_skip_by_dep=None, packages_skip_up_to=None, packages_select_build_failed=False, packages_skip_build_finished=False, packages_select_test_failures=False, packages_skip_test_passed=False, packages_select=['haptic_band_ros'], packages_skip=None, packages_select_regex=None, packages_skip_regex=None, packages_start=None, packages_end=None, allow_overriding=[], cmake_args=None, cmake_target=None, cmake_target_skip_unavailable=False, cmake_clean_cache=False, cmake_clean_first=False, cmake_force_configure=False, ament_cmake_args=None, catkin_cmake_args=None, catkin_skip_building_tests=False, verb_parser=<colcon_defaults.argument_parser.defaults.DefaultArgumentsDecorator object at 0x751a69033ee0>, verb_extension=<colcon_core.verb.build.BuildVerb object at 0x751a69033940>, main=<bound method BuildVerb.main of <colcon_core.verb.build.BuildVerb object at 0x751a69033940>>)
[0.207s] Level 1:colcon.colcon_core.package_discovery:discover_packages(colcon_meta) check parameters
[0.207s] Level 1:colcon.colcon_core.package_discovery:discover_packages(recursive) check parameters
[0.207s] Level 1:colcon.colcon_core.package_discovery:discover_packages(ignore) check parameters
[0.207s] Level 1:colcon.colcon_core.package_discovery:discover_packages(path) check parameters
[0.207s] Level 1:colcon.colcon_core.package_discovery:discover_packages(colcon_meta) discover
[0.208s] Level 1:colcon.colcon_core.package_discovery:discover_packages(recursive) discover
[0.208s] INFO:colcon.colcon_core.package_discovery:Crawling recursively for packages in '/home/gilbertsoco/Haptic-Band/Python/ros2_ws'
[0.208s] Level 1:colcon.colcon_core.package_identification:_identify(.) by extensions ['ignore', 'ignore_ament_install']
[0.208s] Level 1:colcon.colcon_core.package_identification:_identify(.) by extension 'ignore'
[0.208s] Level 1:colcon.colcon_core.package_identification:_identify(.) by extension 'ignore_ament_install'
[0.208s] Level 1:colcon.colcon_core.package_identification:_identify(.) by extensions ['colcon_pkg']
[0.208s] Level 1:colcon.colcon_core.package_identification:_identify(.) by extension 'colcon_pkg'
[0.208s] Level 1:colcon.colcon_core.package_identification:_identify(.) by extensions ['colcon_meta']
[0.208s] Level 1:colcon.colcon_core.package_identification:_identify(.) by extension 'colcon_meta'
[0.208s] Level 1:colcon.colcon_core.package_identification:_identify(.) by extensions ['ros']
[0.208s] Level 1:colcon.colcon_core.package_identification:_identify(.) by extension 'ros'
[0.217s] Level 1:colcon.colcon_core.package_identification:_identify(.) by extensions ['cmake', 'python']
[0.217s] Level 1:colcon.colcon_core.package_identification:_identify(.) by extension 'cmake'
[0.217s] Level 1:colcon.colcon_core.package_identification:_identify(.) by extension 'python'
[0.217s] Level 1:colcon.colcon_core.package_identification:_identify(.) by extensions ['python_setup_py']
[0.217s] Level 1:colcon.colcon_core.package_identification:_identify(.) by extension 'python_setup_py'
[0.217s] Level 1:colcon.colcon_core.package_identification:_identify(build) by extensions ['ignore', 'ignore_ament_install']
[0.218s] Level 1:colcon.colcon_core.package_identification:_identify(build) by extension 'ignore'
[0.218s] Level 1:colcon.colcon_core.package_identification:_identify(build) ignored
[0.218s] Level 1:colcon.colcon_core.package_identification:_identify(install) by extensions ['ignore', 'ignore_ament_install']
[0.218s] Level 1:colcon.colcon_core.package_identification:_identify(install) by extension 'ignore'
[0.218s] Level 1:colcon.colcon_core.package_identification:_identify(install) ignored
[0.218s] Level 1:colcon.colcon_core.package_identification:_identify(log) by extensions ['ignore', 'ignore_ament_install']
[0.218s] Level 1:colcon.colcon_core.package_identification:_identify(log) by extension 'ignore'
[0.218s] Level 1:colcon.colcon_core.package_identification:_identify(log) ignored
[0.218s] Level 1:colcon.colcon_core.package_identification:_identify(src) by extensions ['ignore', 'ignore_ament_install']
[0.218s] Level 1:colcon.colcon_core.package_identification:_identify(src) by extension 'ignore'
[0.218s] Level 1:colcon.colcon_core.package_identification:_identify(src) by extension 'ignore_ament_install'
[0.218s] Level 1:colcon.colcon_core.package_identification:_identify(src) by extensions ['colcon_pkg']
[0.218s] Level 1:colcon.colcon_core.package_identification:_identify(src) by extension 'colcon_pkg'
[0.218s] Level 1:colcon.colcon_core.package_identification:_identify(src) by extensions ['colcon_meta']
[0.218s] Level 1:colcon.colcon_core.package_identification:_identify(src) by extension 'colcon_meta'
[0.219s] Level 1:colcon.colcon_core.package_identification:_identify(src) by extensions ['ros']
[0.219s] Level 1:colcon.colcon_core.package_identification:_identify(src) by extension 'ros'
[0.219s] Level 1:colcon.colcon_core.package_identification:_identify(src) by extensions ['cmake', 'python']
[0.219s] Level 1:colcon.colcon_core.package_identification:_identify(src) by extension 'cmake'
[0.219s] Level 1:colcon.colcon_core.package_identification:_identify(src) by extension 'python'
[0.219s] Level 1:colcon.colcon_core.package_identification:_identify(src) by extensions ['python_setup_py']
[0.219s] Level 1:colcon.colcon_core.package_identification:_identify(src) by extension 'python_setup_py'
[0.219s] Level 1:colcon.colcon_core.package_identification:_identify(src/haptic_band_ros) by extensions ['ignore', 'ignore_ament_install']
[0.219s] Level 1:colcon.colcon_core.package_identification:_identify(src/haptic_band_ros) by extension 'ignore'
[0.219s] Level 1:colcon.colcon_core.package_identification:_identify(src/haptic_band_ros) by extension 'ignore_ament_install'
[0.219s] Level 1:colcon.colcon_core.package_identification:_identify(src/haptic_band_ros) by extensions ['colcon_pkg']
[0.219s] Level 1:colcon.colcon_core.package_identification:_identify(src/haptic_band_ros) by extension 'colcon_pkg'
[0.219s] Level 1:colcon.colcon_core.package_identification:_identify(src/haptic_band_ros) by extensions ['colcon_meta']
[0.219s] Level 1:colcon.colcon_core.package_identification:_identify(src/haptic_band_ros) by extension 'colcon_meta'
[0.219s] Level 1:colcon.colcon_core.package_identification:_identify(src/haptic_band_ros) by extensions ['ros']
[0.219s] Level 1:colcon.colcon_core.package_identification:_identify(src/haptic_band_ros) by extension 'ros'
[0.221s] DEBUG:colcon.colcon_core.package_identification:Found ROS schema reference in package manifest in 'src/haptic_band_ros'
[0.221s] WARNING:colcon.colcon_core.package_identification:Failed to parse ROS package manifest in 'src/haptic_band_ros': Error(s) in package 'src/haptic_band_ros/package.xml':
Error(s):
- The generic dependency on 'rclpy' is redundant with: build_depend, build_export_depend, exec_depend
- The generic dependency on 'std_msgs' is redundant with: build_depend, build_export_depend, exec_depend
[0.221s] Level 1:colcon.colcon_core.package_identification:_identify(src/haptic_band_ros) by extensions ['cmake', 'python']
[0.221s] Level 1:colcon.colcon_core.package_identification:_identify(src/haptic_band_ros) by extension 'cmake'
[0.221s] Level 1:colcon.colcon_core.package_identification:_identify(src/haptic_band_ros) by extension 'python'
[0.221s] DEBUG:colcon.colcon_core.package_identification:Python package in 'src/haptic_band_ros' passes arguments to the setup() function which requires a different identification extension than 'python'
[0.221s] Level 1:colcon.colcon_core.package_identification:_identify(src/haptic_band_ros) by extensions ['python_setup_py']
[0.221s] Level 1:colcon.colcon_core.package_identification:_identify(src/haptic_band_ros) by extension 'python_setup_py'
[0.418s] DEBUG:colcon.colcon_core.package_identification:Package 'src/haptic_band_ros' with type 'python' and name 'haptic_band_ros'
[0.418s] Level 1:colcon.colcon_core.package_discovery:discover_packages(recursive) using defaults
[0.418s] Level 1:colcon.colcon_core.package_discovery:discover_packages(ignore) discover
[0.418s] Level 1:colcon.colcon_core.package_discovery:discover_packages(ignore) using defaults
[0.418s] Level 1:colcon.colcon_core.package_discovery:discover_packages(path) discover
[0.418s] Level 1:colcon.colcon_core.package_discovery:discover_packages(path) using defaults
[0.435s] Level 1:colcon.colcon_core.package_discovery:discover_packages(prefix_path) check parameters
[0.435s] Level 1:colcon.colcon_core.package_discovery:discover_packages(prefix_path) discover
[0.437s] DEBUG:colcon.colcon_installed_package_information.package_discovery:Found 1 installed packages in /home/gilbertsoco/Haptic-Band/Python/ros2_ws/install
[0.438s] DEBUG:colcon.colcon_installed_package_information.package_discovery:Found 290 installed packages in /opt/ros/humble
[0.450s] Level 1:colcon.colcon_core.package_discovery:discover_packages(prefix_path) using defaults
[0.480s] Level 5:colcon.colcon_core.verb:set package 'haptic_band_ros' build argument 'cmake_args' from command line to 'None'
[0.480s] Level 5:colcon.colcon_core.verb:set package 'haptic_band_ros' build argument 'cmake_target' from command line to 'None'
[0.480s] Level 5:colcon.colcon_core.verb:set package 'haptic_band_ros' build argument 'cmake_target_skip_unavailable' from command line to 'False'
[0.480s] Level 5:colcon.colcon_core.verb:set package 'haptic_band_ros' build argument 'cmake_clean_cache' from command line to 'False'
[0.480s] Level 5:colcon.colcon_core.verb:set package 'haptic_band_ros' build argument 'cmake_clean_first' from command line to 'False'
[0.480s] Level 5:colcon.colcon_core.verb:set package 'haptic_band_ros' build argument 'cmake_force_configure' from command line to 'False'
[0.480s] Level 5:colcon.colcon_core.verb:set package 'haptic_band_ros' build argument 'ament_cmake_args' from command line to 'None'
[0.480s] Level 5:colcon.colcon_core.verb:set package 'haptic_band_ros' build argument 'catkin_cmake_args' from command line to 'None'
[0.480s] Level 5:colcon.colcon_core.verb:set package 'haptic_band_ros' build argument 'catkin_skip_building_tests' from command line to 'False'
[0.480s] DEBUG:colcon.colcon_core.verb:Building package 'haptic_band_ros' with the following arguments: {'ament_cmake_args': None, 'build_base': '/home/gilbertsoco/Haptic-Band/Python/ros2_ws/build/haptic_band_ros', 'catkin_cmake_args': None, 'catkin_skip_building_tests': False, 'cmake_args': None, 'cmake_clean_cache': False, 'cmake_clean_first': False, 'cmake_force_configure': False, 'cmake_target': None, 'cmake_target_skip_unavailable': False, 'install_base': '/home/gilbertsoco/Haptic-Band/Python/ros2_ws/install/haptic_band_ros', 'merge_install': False, 'path': '/home/gilbertsoco/Haptic-Band/Python/ros2_ws/src/haptic_band_ros', 'symlink_install': True, 'test_result_base': None}
[0.480s] INFO:colcon.colcon_core.executor:Executing jobs using 'parallel' executor
[0.481s] DEBUG:colcon.colcon_parallel_executor.executor.parallel:run_until_complete
[0.482s] INFO:colcon.colcon_core.task.python.build:Building Python package in '/home/gilbertsoco/Haptic-Band/Python/ros2_ws/src/haptic_band_ros'
[0.483s] INFO:colcon.colcon_core.plugin_system:Skipping extension 'colcon_core.shell.bat': Not used on non-Windows systems
[0.484s] INFO:colcon.colcon_core.shell:Skip shell extension 'powershell' for command environment: Not usable outside of PowerShell
[0.484s] DEBUG:colcon.colcon_core.shell:Skip shell extension 'dsv' for command environment
[0.987s] DEBUG:colcon.colcon_core.task.python.build:Available setuptools commands: rotate, install_headers, clean, install_data, egg_info, install, bdist_wheel, symlink_data, bdist_dumb, install_lib, check, dist_info, easy_install, bdist_rpm, upload_docs, build_clib, build_ext, sdist, bdist_egg, build_scripts, build, upload, test, develop, install_scripts, saveopts, bdist, install_egg_info, register, build_py, alias, setopt
[1.222s] DEBUG:colcon.colcon_core.task.python.build:Available setuptools 'develop' options: --prefix, --always-unzip, --verbose, --force-installation-into-system-dir, --install-dir, --exclude-scripts, --local-snapshots-ok, --uninstall, --version, --quiet, --upgrade, --user, --egg-path, --multi-version, --install-layout, --allow-hosts, --help, --always-copy, --dry-run, --optimize, --zip-ok, --site-dirs, --find-links, --script-dir, --index-url, --no-deps, --build-directory, --no-user-cfg, --editable, --no-find-links, --record
[1.223s] DEBUG:colcon.colcon_core.task.python.build:While undoing a previous installation files outside the Python library path are being ignored: /home/gilbertsoco/Haptic-Band/Python/ros2_ws/install/haptic_band_ros/share/ament_index/resource_index/packages/haptic_band_ros
[1.223s] DEBUG:colcon.colcon_core.task.python.build:While undoing a previous installation files outside the Python library path are being ignored: /home/gilbertsoco/Haptic-Band/Python/ros2_ws/install/haptic_band_ros/share/haptic_band_ros/package.xml
[1.223s] DEBUG:colcon.colcon_core.task.python.build:While undoing a previous installation files outside the Python library path are being ignored: /home/gilbertsoco/Haptic-Band/Python/ros2_ws/install/haptic_band_ros/lib/haptic_band_ros/haptic_bridge
[1.226s] DEBUG:colcon.colcon_core.event_handler.log_command:Invoking command in '/home/gilbertsoco/Haptic-Band/Python/ros2_ws/build/haptic_band_ros': PYTHONPATH=/home/gilbertsoco/Haptic-Band/Python/ros2_ws/build/haptic_band_ros/prefix_override:/usr/lib/python3/dist-packages/colcon_core/task/python/colcon_distutils_commands:/home/gilbertsoco/Haptic-Band/Python/ros2_ws/install/haptic_band_ros/lib/python3.10/site-packages:${PYTHONPATH} /usr/bin/python3 -W ignore:setup.py install is deprecated -W ignore:easy_install command is deprecated setup.py develop --editable --build-directory /home/gilbertsoco/Haptic-Band/Python/ros2_ws/build/haptic_band_ros/build --no-deps symlink_data --force
[1.605s] Level 1:colcon.colcon_core.shell:create_environment_hook('haptic_band_ros', 'pythonpath_develop')
[1.605s] INFO:colcon.colcon_core.shell:Creating environment hook '/home/gilbertsoco/Haptic-Band/Python/ros2_ws/build/haptic_band_ros/share/haptic_band_ros/hook/pythonpath_develop.ps1'
[1.606s] DEBUG:colcon.colcon_core.event_handler.log_command:Invoked command in '/home/gilbertsoco/Haptic-Band/Python/ros2_ws/build/haptic_band_ros' returned '0': PYTHONPATH=/home/gilbertsoco/Haptic-Band/Python/ros2_ws/build/haptic_band_ros/prefix_override:/usr/lib/python3/dist-packages/colcon_core/task/python/colcon_distutils_commands:/home/gilbertsoco/Haptic-Band/Python/ros2_ws/install/haptic_band_ros/lib/python3.10/site-packages:${PYTHONPATH} /usr/bin/python3 -W ignore:setup.py install is deprecated -W ignore:easy_install command is deprecated setup.py develop --editable --build-directory /home/gilbertsoco/Haptic-Band/Python/ros2_ws/build/haptic_band_ros/build --no-deps symlink_data --force
[1.607s] INFO:colcon.colcon_core.shell:Creating environment descriptor '/home/gilbertsoco/Haptic-Band/Python/ros2_ws/build/haptic_band_ros/share/haptic_band_ros/hook/pythonpath_develop.dsv'
[1.607s] INFO:colcon.colcon_core.shell:Creating environment hook '/home/gilbertsoco/Haptic-Band/Python/ros2_ws/build/haptic_band_ros/share/haptic_band_ros/hook/pythonpath_develop.sh'
[1.610s] Level 1:colcon.colcon_core.environment:checking '/home/gilbertsoco/Haptic-Band/Python/ros2_ws/install/haptic_band_ros' for CMake module files
[1.610s] Level 1:colcon.colcon_core.environment:checking '/home/gilbertsoco/Haptic-Band/Python/ros2_ws/install/haptic_band_ros' for CMake config files
[1.611s] Level 1:colcon.colcon_core.environment:checking '/home/gilbertsoco/Haptic-Band/Python/ros2_ws/install/haptic_band_ros/lib'
[1.611s] Level 1:colcon.colcon_core.environment:checking '/home/gilbertsoco/Haptic-Band/Python/ros2_ws/install/haptic_band_ros/bin'
[1.611s] Level 1:colcon.colcon_core.environment:checking '/home/gilbertsoco/Haptic-Band/Python/ros2_ws/install/haptic_band_ros/lib/pkgconfig/haptic_band_ros.pc'
[1.611s] Level 1:colcon.colcon_core.environment:checking '/home/gilbertsoco/Haptic-Band/Python/ros2_ws/install/haptic_band_ros/lib/python3.10/site-packages'
[1.611s] Level 1:colcon.colcon_core.shell:create_environment_hook('haptic_band_ros', 'pythonpath')
[1.612s] INFO:colcon.colcon_core.shell:Creating environment hook '/home/gilbertsoco/Haptic-Band/Python/ros2_ws/install/haptic_band_ros/share/haptic_band_ros/hook/pythonpath.ps1'
[1.612s] INFO:colcon.colcon_core.shell:Creating environment descriptor '/home/gilbertsoco/Haptic-Band/Python/ros2_ws/install/haptic_band_ros/share/haptic_band_ros/hook/pythonpath.dsv'
[1.613s] INFO:colcon.colcon_core.shell:Creating environment hook '/home/gilbertsoco/Haptic-Band/Python/ros2_ws/install/haptic_band_ros/share/haptic_band_ros/hook/pythonpath.sh'
[1.613s] Level 1:colcon.colcon_core.environment:checking '/home/gilbertsoco/Haptic-Band/Python/ros2_ws/install/haptic_band_ros/bin'
[1.614s] Level 1:colcon.colcon_core.environment:create_environment_scripts_only(haptic_band_ros)
[1.614s] INFO:colcon.colcon_core.shell:Creating package script '/home/gilbertsoco/Haptic-Band/Python/ros2_ws/install/haptic_band_ros/share/haptic_band_ros/package.ps1'
[1.615s] INFO:colcon.colcon_core.shell:Creating package descriptor '/home/gilbertsoco/Haptic-Band/Python/ros2_ws/install/haptic_band_ros/share/haptic_band_ros/package.dsv'
[1.615s] INFO:colcon.colcon_core.shell:Creating package script '/home/gilbertsoco/Haptic-Band/Python/ros2_ws/install/haptic_band_ros/share/haptic_band_ros/package.sh'
[1.616s] INFO:colcon.colcon_core.shell:Creating package script '/home/gilbertsoco/Haptic-Band/Python/ros2_ws/install/haptic_band_ros/share/haptic_band_ros/package.bash'
[1.617s] INFO:colcon.colcon_core.shell:Creating package script '/home/gilbertsoco/Haptic-Band/Python/ros2_ws/install/haptic_band_ros/share/haptic_band_ros/package.zsh'
[1.618s] Level 1:colcon.colcon_core.environment:create_file_with_runtime_dependencies(/home/gilbertsoco/Haptic-Band/Python/ros2_ws/install/haptic_band_ros/share/colcon-core/packages/haptic_band_ros)
[1.618s] DEBUG:colcon.colcon_parallel_executor.executor.parallel:closing loop
[1.618s] DEBUG:colcon.colcon_parallel_executor.executor.parallel:loop closed
[1.618s] DEBUG:colcon.colcon_parallel_executor.executor.parallel:run_until_complete finished with '0'
[1.619s] DEBUG:colcon.colcon_core.event_reactor:joining thread
[1.623s] INFO:colcon.colcon_core.plugin_system:Skipping extension 'colcon_notification.desktop_notification.terminal_notifier': Not used on non-Darwin systems
[1.623s] INFO:colcon.colcon_core.plugin_system:Skipping extension 'colcon_notification.desktop_notification.win32': Not used on non-Windows systems
[1.623s] INFO:colcon.colcon_notification.desktop_notification:Sending desktop notification using 'notify2'
[1.634s] DEBUG:colcon.colcon_core.event_reactor:joined thread
[1.635s] INFO:colcon.colcon_core.shell:Creating prefix script '/home/gilbertsoco/Haptic-Band/Python/ros2_ws/install/local_setup.ps1'
[1.636s] INFO:colcon.colcon_core.shell:Creating prefix util module '/home/gilbertsoco/Haptic-Band/Python/ros2_ws/install/_local_setup_util_ps1.py'
[1.637s] INFO:colcon.colcon_core.shell:Creating prefix chain script '/home/gilbertsoco/Haptic-Band/Python/ros2_ws/install/setup.ps1'
[1.638s] INFO:colcon.colcon_core.shell:Creating prefix script '/home/gilbertsoco/Haptic-Band/Python/ros2_ws/install/local_setup.sh'
[1.639s] INFO:colcon.colcon_core.shell:Creating prefix util module '/home/gilbertsoco/Haptic-Band/Python/ros2_ws/install/_local_setup_util_sh.py'
[1.639s] INFO:colcon.colcon_core.shell:Creating prefix chain script '/home/gilbertsoco/Haptic-Band/Python/ros2_ws/install/setup.sh'
[1.640s] INFO:colcon.colcon_core.shell:Creating prefix script '/home/gilbertsoco/Haptic-Band/Python/ros2_ws/install/local_setup.bash'
[1.640s] INFO:colcon.colcon_core.shell:Creating prefix chain script '/home/gilbertsoco/Haptic-Band/Python/ros2_ws/install/setup.bash'
[1.641s] INFO:colcon.colcon_core.shell:Creating prefix script '/home/gilbertsoco/Haptic-Band/Python/ros2_ws/install/local_setup.zsh'
[1.642s] INFO:colcon.colcon_core.shell:Creating prefix chain script '/home/gilbertsoco/Haptic-Band/Python/ros2_ws/install/setup.zsh'
