[0.082s] DEBUG:colcon:Command line arguments: ['/usr/bin/colcon', 'build', '--symlink-install', '--packages-select', 'haptic_band_ros']
[0.082s] DEBUG:colcon:Parsed command line arguments: Namespace(log_base=None, log_level=None, verb_name='build', build_base='build', install_base='install', merge_install=False, symlink_install=True, test_result_base=None, continue_on_error=False, executor='parallel', parallel_workers=12, event_handlers=None, ignore_user_meta=False, metas=['./colcon.meta'], base_paths=['.'], packages_ignore=None, packages_ignore_regex=None, paths=None, packages_up_to=None, packages_up_to_regex=None, packages_above=None, packages_above_and_dependencies=None, packages_above_depth=None, packages_select_by_dep=None, packages_skip_by_dep=None, packages_skip_up_to=None, packages_select_build_failed=False, packages_skip_build_finished=False, packages_select_test_failures=False, packages_skip_test_passed=False, packages_select=['haptic_band_ros'], packages_skip=None, packages_select_regex=None, packages_skip_regex=None, packages_start=None, packages_end=None, allow_overriding=[], cmake_args=None, cmake_target=None, cmake_target_skip_unavailable=False, cmake_clean_cache=False, cmake_clean_first=False, cmake_force_configure=False, ament_cmake_args=None, catkin_cmake_args=None, catkin_skip_building_tests=False, verb_parser=<colcon_defaults.argument_parser.defaults.DefaultArgumentsDecorator object at 0x72e7c343be50>, verb_extension=<colcon_core.verb.build.BuildVerb object at 0x72e7c343b8b0>, main=<bound method BuildVerb.main of <colcon_core.verb.build.BuildVerb object at 0x72e7c343b8b0>>)
[0.209s] Level 1:colcon.colcon_core.package_discovery:discover_packages(colcon_meta) check parameters
[0.209s] Level 1:colcon.colcon_core.package_discovery:discover_packages(recursive) check parameters
[0.209s] Level 1:colcon.colcon_core.package_discovery:discover_packages(ignore) check parameters
[0.209s] Level 1:colcon.colcon_core.package_discovery:discover_packages(path) check parameters
[0.209s] Level 1:colcon.colcon_core.package_discovery:discover_packages(colcon_meta) discover
[0.209s] Level 1:colcon.colcon_core.package_discovery:discover_packages(recursive) discover
[0.209s] INFO:colcon.colcon_core.package_discovery:Crawling recursively for packages in '/home/gilbertsoco/Haptic-Band/Python/ros2_ws'
[0.209s] Level 1:colcon.colcon_core.package_identification:_identify(.) by extensions ['ignore', 'ignore_ament_install']
[0.210s] Level 1:colcon.colcon_core.package_identification:_identify(.) by extension 'ignore'
[0.210s] Level 1:colcon.colcon_core.package_identification:_identify(.) by extension 'ignore_ament_install'
[0.210s] Level 1:colcon.colcon_core.package_identification:_identify(.) by extensions ['colcon_pkg']
[0.210s] Level 1:colcon.colcon_core.package_identification:_identify(.) by extension 'colcon_pkg'
[0.210s] Level 1:colcon.colcon_core.package_identification:_identify(.) by extensions ['colcon_meta']
[0.210s] Level 1:colcon.colcon_core.package_identification:_identify(.) by extension 'colcon_meta'
[0.210s] Level 1:colcon.colcon_core.package_identification:_identify(.) by extensions ['ros']
[0.210s] Level 1:colcon.colcon_core.package_identification:_identify(.) by extension 'ros'
[0.219s] Level 1:colcon.colcon_core.package_identification:_identify(.) by extensions ['cmake', 'python']
[0.219s] Level 1:colcon.colcon_core.package_identification:_identify(.) by extension 'cmake'
[0.219s] Level 1:colcon.colcon_core.package_identification:_identify(.) by extension 'python'
[0.219s] Level 1:colcon.colcon_core.package_identification:_identify(.) by extensions ['python_setup_py']
[0.219s] Level 1:colcon.colcon_core.package_identification:_identify(.) by extension 'python_setup_py'
[0.219s] Level 1:colcon.colcon_core.package_identification:_identify(build) by extensions ['ignore', 'ignore_ament_install']
[0.219s] Level 1:colcon.colcon_core.package_identification:_identify(build) by extension 'ignore'
[0.220s] Level 1:colcon.colcon_core.package_identification:_identify(build) ignored
[0.220s] Level 1:colcon.colcon_core.package_identification:_identify(install) by extensions ['ignore', 'ignore_ament_install']
[0.220s] Level 1:colcon.colcon_core.package_identification:_identify(install) by extension 'ignore'
[0.220s] Level 1:colcon.colcon_core.package_identification:_identify(install) ignored
[0.220s] Level 1:colcon.colcon_core.package_identification:_identify(log) by extensions ['ignore', 'ignore_ament_install']
[0.220s] Level 1:colcon.colcon_core.package_identification:_identify(log) by extension 'ignore'
[0.220s] Level 1:colcon.colcon_core.package_identification:_identify(log) ignored
[0.220s] Level 1:colcon.colcon_core.package_identification:_identify(src) by extensions ['ignore', 'ignore_ament_install']
[0.220s] Level 1:colcon.colcon_core.package_identification:_identify(src) by extension 'ignore'
[0.220s] Level 1:colcon.colcon_core.package_identification:_identify(src) by extension 'ignore_ament_install'
[0.220s] Level 1:colcon.colcon_core.package_identification:_identify(src) by extensions ['colcon_pkg']
[0.220s] Level 1:colcon.colcon_core.package_identification:_identify(src) by extension 'colcon_pkg'
[0.220s] Level 1:colcon.colcon_core.package_identification:_identify(src) by extensions ['colcon_meta']
[0.220s] Level 1:colcon.colcon_core.package_identification:_identify(src) by extension 'colcon_meta'
[0.221s] Level 1:colcon.colcon_core.package_identification:_identify(src) by extensions ['ros']
[0.221s] Level 1:colcon.colcon_core.package_identification:_identify(src) by extension 'ros'
[0.221s] Level 1:colcon.colcon_core.package_identification:_identify(src) by extensions ['cmake', 'python']
[0.221s] Level 1:colcon.colcon_core.package_identification:_identify(src) by extension 'cmake'
[0.221s] Level 1:colcon.colcon_core.package_identification:_identify(src) by extension 'python'
[0.221s] Level 1:colcon.colcon_core.package_identification:_identify(src) by extensions ['python_setup_py']
[0.221s] Level 1:colcon.colcon_core.package_identification:_identify(src) by extension 'python_setup_py'
[0.221s] Level 1:colcon.colcon_core.package_identification:_identify(src/haptic_band_ros) by extensions ['ignore', 'ignore_ament_install']
[0.221s] Level 1:colcon.colcon_core.package_identification:_identify(src/haptic_band_ros) by extension 'ignore'
[0.221s] Level 1:colcon.colcon_core.package_identification:_identify(src/haptic_band_ros) by extension 'ignore_ament_install'
[0.221s] Level 1:colcon.colcon_core.package_identification:_identify(src/haptic_band_ros) by extensions ['colcon_pkg']
[0.221s] Level 1:colcon.colcon_core.package_identification:_identify(src/haptic_band_ros) by extension 'colcon_pkg'
[0.221s] Level 1:colcon.colcon_core.package_identification:_identify(src/haptic_band_ros) by extensions ['colcon_meta']
[0.221s] Level 1:colcon.colcon_core.package_identification:_identify(src/haptic_band_ros) by extension 'colcon_meta'
[0.221s] Level 1:colcon.colcon_core.package_identification:_identify(src/haptic_band_ros) by extensions ['ros']
[0.221s] Level 1:colcon.colcon_core.package_identification:_identify(src/haptic_band_ros) by extension 'ros'
[0.223s] DEBUG:colcon.colcon_core.package_identification:Package 'src/haptic_band_ros' with type 'ros.ament_python' and name 'haptic_band_ros'
[0.223s] Level 1:colcon.colcon_core.package_discovery:discover_packages(recursive) using defaults
[0.223s] Level 1:colcon.colcon_core.package_discovery:discover_packages(ignore) discover
[0.223s] Level 1:colcon.colcon_core.package_discovery:discover_packages(ignore) using defaults
[0.223s] Level 1:colcon.colcon_core.package_discovery:discover_packages(path) discover
[0.223s] Level 1:colcon.colcon_core.package_discovery:discover_packages(path) using defaults
[0.240s] Level 1:colcon.colcon_core.package_discovery:discover_packages(prefix_path) check parameters
[0.240s] Level 1:colcon.colcon_core.package_discovery:discover_packages(prefix_path) discover
[0.241s] DEBUG:colcon.colcon_installed_package_information.package_discovery:Found 1 installed packages in /home/gilbertsoco/Haptic-Band/Python/ros2_ws/install
[0.243s] DEBUG:colcon.colcon_installed_package_information.package_discovery:Found 290 installed packages in /opt/ros/humble
[0.263s] Level 1:colcon.colcon_core.package_discovery:discover_packages(prefix_path) using defaults
[0.294s] Level 5:colcon.colcon_core.verb:set package 'haptic_band_ros' build argument 'cmake_args' from command line to 'None'
[0.294s] Level 5:colcon.colcon_core.verb:set package 'haptic_band_ros' build argument 'cmake_target' from command line to 'None'
[0.294s] Level 5:colcon.colcon_core.verb:set package 'haptic_band_ros' build argument 'cmake_target_skip_unavailable' from command line to 'False'
[0.294s] Level 5:colcon.colcon_core.verb:set package 'haptic_band_ros' build argument 'cmake_clean_cache' from command line to 'False'
[0.294s] Level 5:colcon.colcon_core.verb:set package 'haptic_band_ros' build argument 'cmake_clean_first' from command line to 'False'
[0.294s] Level 5:colcon.colcon_core.verb:set package 'haptic_band_ros' build argument 'cmake_force_configure' from command line to 'False'
[0.294s] Level 5:colcon.colcon_core.verb:set package 'haptic_band_ros' build argument 'ament_cmake_args' from command line to 'None'
[0.294s] Level 5:colcon.colcon_core.verb:set package 'haptic_band_ros' build argument 'catkin_cmake_args' from command line to 'None'
[0.294s] Level 5:colcon.colcon_core.verb:set package 'haptic_band_ros' build argument 'catkin_skip_building_tests' from command line to 'False'
[0.294s] DEBUG:colcon.colcon_core.verb:Building package 'haptic_band_ros' with the following arguments: {'ament_cmake_args': None, 'build_base': '/home/gilbertsoco/Haptic-Band/Python/ros2_ws/build/haptic_band_ros', 'catkin_cmake_args': None, 'catkin_skip_building_tests': False, 'cmake_args': None, 'cmake_clean_cache': False, 'cmake_clean_first': False, 'cmake_force_configure': False, 'cmake_target': None, 'cmake_target_skip_unavailable': False, 'install_base': '/home/gilbertsoco/Haptic-Band/Python/ros2_ws/install/haptic_band_ros', 'merge_install': False, 'path': '/home/gilbertsoco/Haptic-Band/Python/ros2_ws/src/haptic_band_ros', 'symlink_install': True, 'test_result_base': None}
[0.294s] INFO:colcon.colcon_core.executor:Executing jobs using 'parallel' executor
[0.295s] DEBUG:colcon.colcon_parallel_executor.executor.parallel:run_until_complete
[0.295s] INFO:colcon.colcon_ros.task.ament_python.build:Building ROS package in '/home/gilbertsoco/Haptic-Band/Python/ros2_ws/src/haptic_band_ros' with build type 'ament_python'
[0.296s] Level 1:colcon.colcon_core.shell:create_environment_hook('haptic_band_ros', 'ament_prefix_path')
[0.297s] INFO:colcon.colcon_core.plugin_system:Skipping extension 'colcon_core.shell.bat': Not used on non-Windows systems
[0.297s] INFO:colcon.colcon_core.shell:Creating environment hook '/home/gilbertsoco/Haptic-Band/Python/ros2_ws/install/haptic_band_ros/share/haptic_band_ros/hook/ament_prefix_path.ps1'
[0.298s] INFO:colcon.colcon_core.shell:Creating environment descriptor '/home/gilbertsoco/Haptic-Band/Python/ros2_ws/install/haptic_band_ros/share/haptic_band_ros/hook/ament_prefix_path.dsv'
[0.298s] INFO:colcon.colcon_core.shell:Creating environment hook '/home/gilbertsoco/Haptic-Band/Python/ros2_ws/install/haptic_band_ros/share/haptic_band_ros/hook/ament_prefix_path.sh'
[0.299s] INFO:colcon.colcon_core.shell:Skip shell extension 'powershell' for command environment: Not usable outside of PowerShell
[0.299s] DEBUG:colcon.colcon_core.shell:Skip shell extension 'dsv' for command environment
[0.510s] INFO:colcon.colcon_core.task.python.build:Building Python package in '/home/gilbertsoco/Haptic-Band/Python/ros2_ws/src/haptic_band_ros'
[0.510s] INFO:colcon.colcon_core.shell:Skip shell extension 'powershell' for command environment: Not usable outside of PowerShell
[0.510s] DEBUG:colcon.colcon_core.shell:Skip shell extension 'dsv' for command environment
[0.792s] DEBUG:colcon.colcon_core.task.python.build:Available setuptools commands: rotate, build_scripts, bdist, bdist_wheel, develop, build_ext, install_headers, install_data, sdist, build_clib, setopt, bdist_rpm, build_py, symlink_data, bdist_egg, egg_info, upload_docs, clean, register, dist_info, install, bdist_dumb, install_lib, upload, install_scripts, build, check, saveopts, install_egg_info, test, easy_install, alias
[1.014s] DEBUG:colcon.colcon_core.task.python.build:Available setuptools 'develop' options: --install-dir, --no-find-links, --find-links, --egg-path, --force-installation-into-system-dir, --verbose, --quiet, --no-deps, --exclude-scripts, --version, --prefix, --help, --no-user-cfg, --record, --uninstall, --site-dirs, --multi-version, --install-layout, --index-url, --user, --optimize, --zip-ok, --upgrade, --allow-hosts, --always-copy, --build-directory, --editable, --local-snapshots-ok, --always-unzip, --script-dir, --dry-run
[1.018s] DEBUG:colcon.colcon_core.event_handler.log_command:Invoking command in '/home/gilbertsoco/Haptic-Band/Python/ros2_ws/build/haptic_band_ros': PYTHONPATH=/home/gilbertsoco/Haptic-Band/Python/ros2_ws/build/haptic_band_ros/prefix_override:/usr/lib/python3/dist-packages/colcon_core/task/python/colcon_distutils_commands:/home/gilbertsoco/Haptic-Band/Python/ros2_ws/install/haptic_band_ros/lib/python3.10/site-packages:${PYTHONPATH} /usr/bin/python3 -W ignore:setup.py install is deprecated -W ignore:easy_install command is deprecated setup.py develop --editable --build-directory /home/gilbertsoco/Haptic-Band/Python/ros2_ws/build/haptic_band_ros/build --no-deps symlink_data
[1.395s] Level 1:colcon.colcon_core.shell:create_environment_hook('haptic_band_ros', 'pythonpath_develop')
[1.396s] INFO:colcon.colcon_core.shell:Creating environment hook '/home/gilbertsoco/Haptic-Band/Python/ros2_ws/build/haptic_band_ros/share/haptic_band_ros/hook/pythonpath_develop.ps1'
[1.397s] DEBUG:colcon.colcon_core.event_handler.log_command:Invoked command in '/home/gilbertsoco/Haptic-Band/Python/ros2_ws/build/haptic_band_ros' returned '0': PYTHONPATH=/home/gilbertsoco/Haptic-Band/Python/ros2_ws/build/haptic_band_ros/prefix_override:/usr/lib/python3/dist-packages/colcon_core/task/python/colcon_distutils_commands:/home/gilbertsoco/Haptic-Band/Python/ros2_ws/install/haptic_band_ros/lib/python3.10/site-packages:${PYTHONPATH} /usr/bin/python3 -W ignore:setup.py install is deprecated -W ignore:easy_install command is deprecated setup.py develop --editable --build-directory /home/gilbertsoco/Haptic-Band/Python/ros2_ws/build/haptic_band_ros/build --no-deps symlink_data
[1.397s] INFO:colcon.colcon_core.shell:Creating environment descriptor '/home/gilbertsoco/Haptic-Band/Python/ros2_ws/build/haptic_band_ros/share/haptic_band_ros/hook/pythonpath_develop.dsv'
[1.398s] INFO:colcon.colcon_core.shell:Creating environment hook '/home/gilbertsoco/Haptic-Band/Python/ros2_ws/build/haptic_band_ros/share/haptic_band_ros/hook/pythonpath_develop.sh'
[1.400s] Level 1:colcon.colcon_core.environment:checking '/home/gilbertsoco/Haptic-Band/Python/ros2_ws/install/haptic_band_ros' for CMake module files
[1.401s] Level 1:colcon.colcon_core.environment:checking '/home/gilbertsoco/Haptic-Band/Python/ros2_ws/install/haptic_band_ros' for CMake config files
[1.401s] Level 1:colcon.colcon_core.environment:checking '/home/gilbertsoco/Haptic-Band/Python/ros2_ws/install/haptic_band_ros/lib'
[1.401s] Level 1:colcon.colcon_core.environment:checking '/home/gilbertsoco/Haptic-Band/Python/ros2_ws/install/haptic_band_ros/bin'
[1.401s] Level 1:colcon.colcon_core.environment:checking '/home/gilbertsoco/Haptic-Band/Python/ros2_ws/install/haptic_band_ros/lib/pkgconfig/haptic_band_ros.pc'
[1.402s] Level 1:colcon.colcon_core.environment:checking '/home/gilbertsoco/Haptic-Band/Python/ros2_ws/install/haptic_band_ros/lib/python3.10/site-packages'
[1.402s] Level 1:colcon.colcon_core.shell:create_environment_hook('haptic_band_ros', 'pythonpath')
[1.402s] INFO:colcon.colcon_core.shell:Creating environment hook '/home/gilbertsoco/Haptic-Band/Python/ros2_ws/install/haptic_band_ros/share/haptic_band_ros/hook/pythonpath.ps1'
[1.402s] INFO:colcon.colcon_core.shell:Creating environment descriptor '/home/gilbertsoco/Haptic-Band/Python/ros2_ws/install/haptic_band_ros/share/haptic_band_ros/hook/pythonpath.dsv'
[1.403s] INFO:colcon.colcon_core.shell:Creating environment hook '/home/gilbertsoco/Haptic-Band/Python/ros2_ws/install/haptic_band_ros/share/haptic_band_ros/hook/pythonpath.sh'
[1.403s] Level 1:colcon.colcon_core.environment:checking '/home/gilbertsoco/Haptic-Band/Python/ros2_ws/install/haptic_band_ros/bin'
[1.403s] Level 1:colcon.colcon_core.environment:create_environment_scripts_only(haptic_band_ros)
[1.404s] INFO:colcon.colcon_core.shell:Creating package script '/home/gilbertsoco/Haptic-Band/Python/ros2_ws/install/haptic_band_ros/share/haptic_band_ros/package.ps1'
[1.405s] INFO:colcon.colcon_core.shell:Creating package descriptor '/home/gilbertsoco/Haptic-Band/Python/ros2_ws/install/haptic_band_ros/share/haptic_band_ros/package.dsv'
[1.405s] INFO:colcon.colcon_core.shell:Creating package script '/home/gilbertsoco/Haptic-Band/Python/ros2_ws/install/haptic_band_ros/share/haptic_band_ros/package.sh'
[1.406s] INFO:colcon.colcon_core.shell:Creating package script '/home/gilbertsoco/Haptic-Band/Python/ros2_ws/install/haptic_band_ros/share/haptic_band_ros/package.bash'
[1.407s] INFO:colcon.colcon_core.shell:Creating package script '/home/gilbertsoco/Haptic-Band/Python/ros2_ws/install/haptic_band_ros/share/haptic_band_ros/package.zsh'
[1.407s] Level 1:colcon.colcon_core.environment:create_file_with_runtime_dependencies(/home/gilbertsoco/Haptic-Band/Python/ros2_ws/install/haptic_band_ros/share/colcon-core/packages/haptic_band_ros)
[1.407s] DEBUG:colcon.colcon_parallel_executor.executor.parallel:closing loop
[1.408s] DEBUG:colcon.colcon_parallel_executor.executor.parallel:loop closed
[1.408s] DEBUG:colcon.colcon_parallel_executor.executor.parallel:run_until_complete finished with '0'
[1.408s] DEBUG:colcon.colcon_core.event_reactor:joining thread
[1.412s] INFO:colcon.colcon_core.plugin_system:Skipping extension 'colcon_notification.desktop_notification.terminal_notifier': Not used on non-Darwin systems
[1.413s] INFO:colcon.colcon_core.plugin_system:Skipping extension 'colcon_notification.desktop_notification.win32': Not used on non-Windows systems
[1.413s] INFO:colcon.colcon_notification.desktop_notification:Sending desktop notification using 'notify2'
[1.424s] DEBUG:colcon.colcon_core.event_reactor:joined thread
[1.425s] INFO:colcon.colcon_core.shell:Creating prefix script '/home/gilbertsoco/Haptic-Band/Python/ros2_ws/install/local_setup.ps1'
[1.426s] INFO:colcon.colcon_core.shell:Creating prefix util module '/home/gilbertsoco/Haptic-Band/Python/ros2_ws/install/_local_setup_util_ps1.py'
[1.427s] INFO:colcon.colcon_core.shell:Creating prefix chain script '/home/gilbertsoco/Haptic-Band/Python/ros2_ws/install/setup.ps1'
[1.428s] INFO:colcon.colcon_core.shell:Creating prefix script '/home/gilbertsoco/Haptic-Band/Python/ros2_ws/install/local_setup.sh'
[1.429s] INFO:colcon.colcon_core.shell:Creating prefix util module '/home/gilbertsoco/Haptic-Band/Python/ros2_ws/install/_local_setup_util_sh.py'
[1.429s] INFO:colcon.colcon_core.shell:Creating prefix chain script '/home/gilbertsoco/Haptic-Band/Python/ros2_ws/install/setup.sh'
[1.430s] INFO:colcon.colcon_core.shell:Creating prefix script '/home/gilbertsoco/Haptic-Band/Python/ros2_ws/install/local_setup.bash'
[1.430s] INFO:colcon.colcon_core.shell:Creating prefix chain script '/home/gilbertsoco/Haptic-Band/Python/ros2_ws/install/setup.bash'
[1.431s] INFO:colcon.colcon_core.shell:Creating prefix script '/home/gilbertsoco/Haptic-Band/Python/ros2_ws/install/local_setup.zsh'
[1.431s] INFO:colcon.colcon_core.shell:Creating prefix chain script '/home/gilbertsoco/Haptic-Band/Python/ros2_ws/install/setup.zsh'
